Chapter 1: Introduction
The quick brown fox jumps over the lazy dog.
This document tests multi-paragraph extraction.
Line four with some additional text content.
Paragraph five is here now.
Six paragraphs in and still going strong.
Lucky number seven.
Eight is great.
Nine lives of a cat.
Ten: the final paragraph in this test.
Bonus: paragraph eleven for good measure.