{"version":1,"content":[{"type":"paragraph","id":1,"content":[{"type":"text","id":0,"text":"Page 1","style":{}}]},{"type":"page_break","id":2},{"type":"paragraph","id":4,"content":[{"type":"text","id":3,"text":"Page 2","style":{}}]},{"type":"page_break","id":5},{"type":"paragraph","id":7,"content":[{"type":"text","id":6,"text":"Page 3","style":{}}]},{"type":"page_break","id":8},{"type":"paragraph","id":10,"content":[{"type":"text","id":9,"text":"Page 4","style":{}}]},{"type":"page_break","id":11},{"type":"paragraph","id":13,"content":[{"type":"text","id":12,"text":"Page 5","style":{}}]}],"metadata":{"title":null,"author":null,"subject":null,"creator":null,"producer":null,"creation_date":null,"modification_date":null,"page_count":5,"properties":{}},"images":[]}
